16:22:45.569 [main] INFO  com.intuit.karate.Suite - backed up existing 'target\karate-reports' dir to: target\karate-reports_1688649765567
16:22:46.188 [main] INFO  com.intuit.karate - karate.env system property was: null 
16:22:46.194 [main] INFO  com.intuit.karate - >> lock acquired, begin callSingle: classpath:caller/CreateToken/CreateTokenFile.feature@create_token_caller
16:22:46.216 [main] INFO  c.intuit.karate.core.FeatureRuntime - classpath:caller/CreateToken/CreateTokenFile.feature - call by tag at line 10: create_token_caller
16:22:47.613 [main] INFO  com.intuit.karate - << lock released, cached callSingle: classpath:caller/CreateToken/CreateTokenFile.feature@create_token_caller
16:22:47.613 [main] INFO  com.intuit.karate - >> lock acquired, begin callSingle: classpath:caller/CreateToken/CreateTokenFile.feature@create_token_caller2
16:22:47.615 [main] INFO  c.intuit.karate.core.FeatureRuntime - classpath:caller/CreateToken/CreateTokenFile.feature - call by tag at line 16: create_token_caller2
16:22:48.263 [main] INFO  com.intuit.karate - << lock released, cached callSingle: classpath:caller/CreateToken/CreateTokenFile.feature@create_token_caller2
16:22:48.264 [main] INFO  com.intuit.karate - >> lock acquired, begin callSingle: classpath:caller/CoinBalanceDetail/CoinBlanceDetailCaller.feature@coinbalancedetail_caller
16:22:48.271 [main] INFO  c.intuit.karate.core.FeatureRuntime - classpath:caller/CoinBalanceDetail/CoinBlanceDetailCaller.feature - call by tag at line 11: coinbalancedetail_caller
16:22:49.379 [main] INFO  com.intuit.karate - << lock released, cached callSingle: classpath:caller/CoinBalanceDetail/CoinBlanceDetailCaller.feature@coinbalancedetail_caller
16:22:49.393 [main] INFO  com.intuit.karate - >> lock acquired, begin callonce: read('classpath:features/Order/OrderCreate.feature@lımıtbuyorder')
16:22:49.393 [main] INFO  c.intuit.karate.core.FeatureRuntime - classpath:features/Order/OrderCreate.feature - call by tag at line 22: lımıtbuyorder
16:22:50.202 [main] INFO  com.intuit.karate - [print] {
  "CustomerMissingInformation": false,
  "Data": 153616424,
  "IsSuccess": true,
  "Message": "Emir kaydedilmiştir."
}
 
16:22:50.203 [main] INFO  com.intuit.karate - << lock released, cached callonce: read('classpath:features/Order/OrderCreate.feature@lımıtbuyorder')
16:22:50.810 [main] INFO  com.intuit.karate - [print] {
  "IsSuccess": true,
  "Message": "İşleminiz başarılı bir şekilde gerçekleştirilmiştir."
}
 
16:22:51.368 [main] INFO  com.intuit.karate.Suite - <<pass>> feature 1 of 1 (0 remaining) src/test/java/features/Order/Cancel.feature
16:43:12.897 [main] INFO  com.intuit.karate.Suite - backed up existing 'target\karate-reports' dir to: target\karate-reports_1688650992896
16:43:13.425 [main] INFO  com.intuit.karate - karate.env system property was: null 
16:43:13.431 [main] INFO  com.intuit.karate - >> lock acquired, begin callSingle: classpath:caller/CreateToken/CreateTokenFile.feature@create_token_caller
16:43:13.446 [main] INFO  c.intuit.karate.core.FeatureRuntime - classpath:caller/CreateToken/CreateTokenFile.feature - call by tag at line 10: create_token_caller
16:43:14.451 [main] INFO  com.intuit.karate - << lock released, cached callSingle: classpath:caller/CreateToken/CreateTokenFile.feature@create_token_caller
16:43:14.451 [main] INFO  com.intuit.karate - >> lock acquired, begin callSingle: classpath:caller/CreateToken/CreateTokenFile.feature@create_token_caller2
16:43:14.451 [main] INFO  c.intuit.karate.core.FeatureRuntime - classpath:caller/CreateToken/CreateTokenFile.feature - call by tag at line 16: create_token_caller2
16:43:14.927 [main] INFO  com.intuit.karate - << lock released, cached callSingle: classpath:caller/CreateToken/CreateTokenFile.feature@create_token_caller2
16:43:14.928 [main] INFO  com.intuit.karate - >> lock acquired, begin callSingle: classpath:caller/CoinBalanceDetail/CoinBlanceDetailCaller.feature@coinbalancedetail_caller
16:43:14.930 [main] INFO  c.intuit.karate.core.FeatureRuntime - classpath:caller/CoinBalanceDetail/CoinBlanceDetailCaller.feature - call by tag at line 11: coinbalancedetail_caller
16:43:15.570 [main] INFO  com.intuit.karate - << lock released, cached callSingle: classpath:caller/CoinBalanceDetail/CoinBlanceDetailCaller.feature@coinbalancedetail_caller
16:43:16.127 [main] INFO  com.intuit.karate - [print] 0.185 
16:43:16.144 [main] INFO  c.intuit.karate.core.FeatureRuntime - classpath:features/Order/OrderCreate.feature - call by tag at line 9: gerceklesenalısemri
16:43:16.144 [main] INFO  com.intuit.karate - >> lock acquired, begin callonce: read('classpath:features/Order/ActiveOrders.feature')
16:43:16.754 [main] INFO  com.intuit.karate - [print] 0.185 
16:43:16.754 [main] INFO  com.intuit.karate - << lock released, cached callonce: read('classpath:features/Order/ActiveOrders.feature')
16:43:17.866 [main] INFO  com.intuit.karate - [print] {
  "CustomerMissingInformation": false,
  "Data": 0,
  "IsSuccess": false,
  "Message": "Alış ve satış emir fiyatları market fiyatının yüzde 20 altında veya üstünde girilemez."
}
 
16:43:18.815 [main] INFO  com.intuit.karate - [print] 0.185 
16:43:18.816 [main] INFO  com.intuit.karate - [print] 0.15 
16:43:18.821 [main] ERROR com.intuit.karate - src/test/java/features/Order/Trades.feature:21
* match ActualPrice == ExpectedPrice
match failed: EQUALS
  $ | not equal (NUMBER:NUMBER)
  0.185
  0.15

src/test/java/features/Order/Trades.feature:21
16:43:19.336 [main] INFO  com.intuit.karate.Suite - <<fail>> feature 1 of 1 (0 remaining) src/test/java/features/Order/Trades.feature
16:54:57.192 [main] INFO  com.intuit.karate.Suite - backed up existing 'target\karate-reports' dir to: target\karate-reports_1688651697190
16:54:57.727 [main] INFO  com.intuit.karate - karate.env system property was: null 
16:54:57.732 [main] INFO  com.intuit.karate - >> lock acquired, begin callSingle: classpath:caller/CreateToken/CreateTokenFile.feature@create_token_caller
16:54:57.743 [main] INFO  c.intuit.karate.core.FeatureRuntime - classpath:caller/CreateToken/CreateTokenFile.feature - call by tag at line 10: create_token_caller
16:54:58.639 [main] INFO  com.intuit.karate - << lock released, cached callSingle: classpath:caller/CreateToken/CreateTokenFile.feature@create_token_caller
16:54:58.639 [main] INFO  com.intuit.karate - >> lock acquired, begin callSingle: classpath:caller/CreateToken/CreateTokenFile.feature@create_token_caller2
16:54:58.639 [main] INFO  c.intuit.karate.core.FeatureRuntime - classpath:caller/CreateToken/CreateTokenFile.feature - call by tag at line 16: create_token_caller2
16:54:59.136 [main] INFO  com.intuit.karate - << lock released, cached callSingle: classpath:caller/CreateToken/CreateTokenFile.feature@create_token_caller2
16:54:59.152 [main] INFO  com.intuit.karate - >> lock acquired, begin callSingle: classpath:caller/CoinBalanceDetail/CoinBlanceDetailCaller.feature@coinbalancedetail_caller
16:54:59.152 [main] INFO  c.intuit.karate.core.FeatureRuntime - classpath:caller/CoinBalanceDetail/CoinBlanceDetailCaller.feature - call by tag at line 11: coinbalancedetail_caller
16:54:59.905 [main] INFO  com.intuit.karate - << lock released, cached callSingle: classpath:caller/CoinBalanceDetail/CoinBlanceDetailCaller.feature@coinbalancedetail_caller
16:55:00.421 [main] INFO  com.intuit.karate - [print] [
  {
    "Id": 1,
    "Name": "Afghanistan",
    "Code": "AF",
    "DialCode": "+93",
    "HasState": true
  },
  {
    "Id": 2,
    "Name": "Aland Islands",
    "Code": "AX",
    "DialCode": "+358",
    "HasState": false
  },
  {
    "Id": 3,
    "Name": "Albania",
    "Code": "AL",
    "DialCode": "+355",
    "HasState": true
  },
  {
    "Id": 4,
    "Name": "Algeria",
    "Code": "DZ",
    "DialCode": "+213",
    "HasState": false
  },
  {
    "Id": 5,
    "Name": "AmericanSamoa",
    "Code": "AS",
    "DialCode": "+1684",
    "HasState": false
  },
  {
    "Id": 6,
    "Name": "Andorra",
    "Code": "AD",
    "DialCode": "+376",
    "HasState": false
  },
  {
    "Id": 7,
    "Name": "Angola",
    "Code": "AO",
    "DialCode": "+244",
    "HasState": false
  },
  {
    "Id": 8,
    "Name": "Anguilla",
    "Code": "AI",
    "DialCode": "+1264",
    "HasState": false
  },
  {
    "Id": 9,
    "Name": "Antarctica",
    "Code": "AQ",
    "DialCode": "+672",
    "HasState": false
  },
  {
    "Id": 10,
    "Name": "Antigua and Barbuda",
    "Code": "AG",
    "DialCode": "+1268",
    "HasState": false
  },
  {
    "Id": 11,
    "Name": "Argentina",
    "Code": "AR",
    "DialCode": "+54",
    "HasState": false
  },
  {
    "Id": 12,
    "Name": "Armenia",
    "Code": "AM",
    "DialCode": "+374",
    "HasState": false
  },
  {
    "Id": 13,
    "Name": "Aruba",
    "Code": "AW",
    "DialCode": "+297",
    "HasState": false
  },
  {
    "Id": 14,
    "Name": "Australia",
    "Code": "AU",
    "DialCode": "+61",
    "HasState": true
  },
  {
    "Id": 15,
    "Name": "Austria",
    "Code": "AT",
    "DialCode": "+43",
    "HasState": true
  },
  {
    "Id": 16,
    "Name": "Azerbaijan",
    "Code": "AZ",
    "DialCode": "+994",
    "HasState": true
  },
  {
    "Id": 17,
    "Name": "Bahamas",
    "Code": "BS",
    "DialCode": "+1242",
    "HasState": false
  },
  {
    "Id": 18,
    "Name": "Bahrain",
    "Code": "BH",
    "DialCode": "+973",
    "HasState": false
  },
  {
    "Id": 19,
    "Name": "Bangladesh",
    "Code": "BD",
    "DialCode": "+880",
    "HasState": false
  },
  {
    "Id": 20,
    "Name": "Barbados",
    "Code": "BB",
    "DialCode": "+1246",
    "HasState": false
  },
  {
    "Id": 21,
    "Name": "Belarus",
    "Code": "BY",
    "DialCode": "+375",
    "HasState": false
  },
  {
    "Id": 22,
    "Name": "Belgium",
    "Code": "BE",
    "DialCode": "+32",
    "HasState": true
  },
  {
    "Id": 23,
    "Name": "Belize",
    "Code": "BZ",
    "DialCode": "+501",
    "HasState": false
  },
  {
    "Id": 24,
    "Name": "Benin",
    "Code": "BJ",
    "DialCode": "+229",
    "HasState": false
  },
  {
    "Id": 25,
    "Name": "Bermuda",
    "Code": "BM",
    "DialCode": "+1441",
    "HasState": false
  },
  {
    "Id": 26,
    "Name": "Bhutan",
    "Code": "BT",
    "DialCode": "+975",
    "HasState": false
  },
  {
    "Id": 27,
    "Name": "Bolivia, Plurinational State of",
    "Code": "BO",
    "DialCode": "+591",
    "HasState": false
  },
  {
    "Id": 28,
    "Name": "Bosnia and Herzegovina",
    "Code": "BA",
    "DialCode": "+387",
    "HasState": false
  },
  {
    "Id": 29,
    "Name": "Botswana",
    "Code": "BW",
    "DialCode": "+267",
    "HasState": false
  },
  {
    "Id": 30,
    "Name": "Brazil",
    "Code": "BR",
    "DialCode": "+55",
    "HasState": true
  },
  {
    "Id": 31,
    "Name": "British Indian Ocean Territory",
    "Code": "IO",
    "DialCode": "+246",
    "HasState": false
  },
  {
    "Id": 32,
    "Name": "Brunei Darussalam",
    "Code": "BN",
    "DialCode": "+673",
    "HasState": false
  },
  {
    "Id": 33,
    "Name": "Bulgaria",
    "Code": "BG",
    "DialCode": "+359",
    "HasState": true
  },
  {
    "Id": 34,
    "Name": "Burkina Faso",
    "Code": "BF",
    "DialCode": "+226",
    "HasState": false
  },
  {
    "Id": 35,
    "Name": "Burundi",
    "Code": "BI",
    "DialCode": "+257",
    "HasState": false
  },
  {
    "Id": 36,
    "Name": "Cambodia",
    "Code": "KH",
    "DialCode": "+855",
    "HasState": false
  },
  {
    "Id": 37,
    "Name": "Cameroon",
    "Code": "CM",
    "DialCode": "+237",
    "HasState": false
  },
  {
    "Id": 38,
    "Name": "Canada",
    "Code": "CA",
    "DialCode": "+1",
    "HasState": true
  },
  {
    "Id": 39,
    "Name": "Cape Verde",
    "Code": "CV",
    "DialCode": "+238",
    "HasState": false
  },
  {
    "Id": 40,
    "Name": "Cayman Islands",
    "Code": "KY",
    "DialCode": "+ 345",
    "HasState": false
  },
  {
    "Id": 41,
    "Name": "Central African Republic",
    "Code": "CF",
    "DialCode": "+236",
    "HasState": false
  },
  {
    "Id": 42,
    "Name": "Chad",
    "Code": "TD",
    "DialCode": "+235",
    "HasState": false
  },
  {
    "Id": 43,
    "Name": "Chile",
    "Code": "CL",
    "DialCode": "+56",
    "HasState": false
  },
  {
    "Id": 44,
    "Name": "China",
    "Code": "CN",
    "DialCode": "+86",
    "HasState": false
  },
  {
    "Id": 45,
    "Name": "Christmas Island",
    "Code": "CX",
    "DialCode": "+61",
    "HasState": false
  },
  {
    "Id": 46,
    "Name": "Cocos (Keeling) Islands",
    "Code": "CC",
    "DialCode": "+61",
    "HasState": false
  },
  {
    "Id": 47,
    "Name": "Colombia",
    "Code": "CO",
    "DialCode": "+57",
    "HasState": false
  },
  {
    "Id": 48,
    "Name": "Comoros",
    "Code": "KM",
    "DialCode": "+269",
    "HasState": false
  },
  {
    "Id": 49,
    "Name": "Congo",
    "Code": "CG",
    "DialCode": "+242",
    "HasState": false
  },
  {
    "Id": 50,
    "Name": "Congo, The Democratic Republic of the Congo",
    "Code": "CD",
    "DialCode": "+243",
    "HasState": false
  },
  {
    "Id": 51,
    "Name": "Cook Islands",
    "Code": "CK",
    "DialCode": "+682",
    "HasState": false
  },
  {
    "Id": 52,
    "Name": "Costa Rica",
    "Code": "CR",
    "DialCode": "+506",
    "HasState": false
  },
  {
    "Id": 53,
    "Name": "Cote d'Ivoire",
    "Code": "CI",
    "DialCode": "+225",
    "HasState": false
  },
  {
    "Id": 54,
    "Name": "Croatia",
    "Code": "HR",
    "DialCode": "+385",
    "HasState": false
  },
  {
    "Id": 55,
    "Name": "Cuba",
    "Code": "CU",
    "DialCode": "+53",
    "HasState": false
  },
  {
    "Id": 56,
    "Name": "Cyprus",
    "Code": "CY",
    "DialCode": "+357",
    "HasState": false
  },
  {
    "Id": 57,
    "Name": "Czech Republic",
    "Code": "CZ",
    "DialCode": "+420",
    "HasState": true
  },
  {
    "Id": 58,
    "Name": "Denmark",
    "Code": "DK",
    "DialCode": "+45",
    "HasState": true
  },
  {
    "Id": 59,
    "Name": "Djibouti",
    "Code": "DJ",
    "DialCode": "+253",
    "HasState": false
  },
  {
    "Id": 60,
    "Name": "Dominica",
    "Code": "DM",
    "DialCode": "+1767",
    "HasState": false
  },
  {
    "Id": 61,
    "Name": "Dominican Republic",
    "Code": "DO",
    "DialCode": "+1849",
    "HasState": false
  },
  {
    "Id": 62,
    "Name": "Ecuador",
    "Code": "EC",
    "DialCode": "+593",
    "HasState": false
  },
  {
    "Id": 63,
    "Name": "Egypt",
    "Code": "EG",
    "DialCode": "+20",
    "HasState": true
  },
  {
    "Id": 64,
    "Name": "El Salvador",
    "Code": "SV",
    "DialCode": "+503",
    "HasState": false
  },
  {
    "Id": 65,
    "Name": "Equatorial Guinea",
    "Code": "GQ",
    "DialCode": "+240",
    "HasState": false
  },
  {
    "Id": 66,
    "Name": "Eritrea",
    "Code": "ER",
    "DialCode": "+291",
    "HasState": false
  },
  {
    "Id": 67,
    "Name": "Estonia",
    "Code": "EE",
    "DialCode": "+372",
    "HasState": false
  },
  {
    "Id": 68,
    "Name": "Ethiopia",
    "Code": "ET",
    "DialCode": "+251",
    "HasState": false
  },
  {
    "Id": 69,
    "Name": "Falkland Islands (Malvinas)",
    "Code": "FK",
    "DialCode": "+500",
    "HasState": false
  },
  {
    "Id": 70,
    "Name": "Faroe Islands",
    "Code": "FO",
    "DialCode": "+298",
    "HasState": false
  },
  {
    "Id": 71,
    "Name": "Fiji",
    "Code": "FJ",
    "DialCode": "+679",
    "HasState": false
  },
  {
    "Id": 72,
    "Name": "Finland",
    "Code": "FI",
    "DialCode": "+358",
    "HasState": true
  },
  {
    "Id": 73,
    "Name": "France",
    "Code": "FR",
    "DialCode": "+33",
    "HasState": true
  },
  {
    "Id": 74,
    "Name": "French Guiana",
    "Code": "GF",
    "DialCode": "+594",
    "HasState": false
  },
  {
    "Id": 75,
    "Name": "French Polynesia",
    "Code": "PF",
    "DialCode": "+689",
    "HasState": false
  },
  {
    "Id": 76,
    "Name": "Gabon",
    "Code": "GA",
    "DialCode": "+241",
    "HasState": false
  },
  {
    "Id": 77,
    "Name": "Gambia",
    "Code": "GM",
    "DialCode": "+220",
    "HasState": false
  },
  {
    "Id": 78,
    "Name": "Georgia",
    "Code": "GE",
    "DialCode": "+995",
    "HasState": true
  },
  {
    "Id": 79,
    "Name": "Germany",
    "Code": "DE",
    "DialCode": "+49",
    "HasState": true
  },
  {
    "Id": 80,
    "Name": "Ghana",
    "Code": "GH",
    "DialCode": "+233",
    "HasState": false
  },
  {
    "Id": 81,
    "Name": "Gibraltar",
    "Code": "GI",
    "DialCode": "+350",
    "HasState": false
  },
  {
    "Id": 82,
    "Name": "Greece",
    "Code": "GR",
    "DialCode": "+30",
    "HasState": true
  },
  {
    "Id": 83,
    "Name": "Greenland",
    "Code": "GL",
    "DialCode": "+299",
    "HasState": false
  },
  {
    "Id": 84,
    "Name": "Grenada",
    "Code": "GD",
    "DialCode": "+1473",
    "HasState": false
  },
  {
    "Id": 85,
    "Name": "Guadeloupe",
    "Code": "GP",
    "DialCode": "+590",
    "HasState": false
  },
  {
    "Id": 86,
    "Name": "Guam",
    "Code": "GU",
    "DialCode": "+1671",
    "HasState": false
  },
  {
    "Id": 87,
    "Name": "Guatemala",
    "Code": "GT",
    "DialCode": "+502",
    "HasState": false
  },
  {
    "Id": 88,
    "Name": "Guernsey",
    "Code": "GG",
    "DialCode": "+44",
    "HasState": false
  },
  {
    "Id": 89,
    "Name": "Guinea",
    "Code": "GN",
    "DialCode": "+224",
    "HasState": false
  },
  {
    "Id": 90,
    "Name": "Guinea-Bissau",
    "Code": "GW",
    "DialCode": "+245",
    "HasState": false
  },
  {
    "Id": 91,
    "Name": "Guyana",
    "Code": "GY",
    "DialCode": "+595",
    "HasState": false
  },
  {
    "Id": 92,
    "Name": "Haiti",
    "Code": "HT",
    "DialCode": "+509",
    "HasState": false
  },
  {
    "Id": 93,
    "Name": "Holy See (Vatican City State)",
    "Code": "VA",
    "DialCode": "+379",
    "HasState": false
  },
  {
    "Id": 94,
    "Name": "Honduras",
    "Code": "HN",
    "DialCode": "+504",
    "HasState": false
  },
  {
    "Id": 95,
    "Name": "Hong Kong",
    "Code": "HK",
    "DialCode": "+852",
    "HasState": false
  },
  {
    "Id": 96,
    "Name": "Hungary",
    "Code": "HU",
    "DialCode": "+36",
    "HasState": false
  },
  {
    "Id": 97,
    "Name": "Iceland",
    "Code": "IS",
    "DialCode": "+354",
    "HasState": false
  },
  {
    "Id": 98,
    "Name": "India",
    "Code": "IN",
    "DialCode": "+91",
    "HasState": false
  },
  {
    "Id": 99,
    "Name": "Indonesia",
    "Code": "ID",
    "DialCode": "+62",
    "HasState": false
  },
  {
    "Id": 100,
    "Name": "Iran, Islamic Republic of Persian Gulf",
    "Code": "IR",
    "DialCode": "+98",
    "HasState": true
  },
  {
    "Id": 101,
    "Name": "Iraq",
    "Code": "IQ",
    "DialCode": "+964",
    "HasState": true
  },
  {
    "Id": 102,
    "Name": "Ireland",
    "Code": "IE",
    "DialCode": "+353",
    "HasState": false
  },
  {
    "Id": 103,
    "Name": "Isle of Man",
    "Code": "IM",
    "DialCode": "+44",
    "HasState": false
  },
  {
    "Id": 104,
    "Name": "Israel",
    "Code": "IL",
    "DialCode": "+972",
    "HasState": true
  },
  {
    "Id": 105,
    "Name": "Italy",
    "Code": "IT",
    "DialCode": "+39",
    "HasState": false
  },
  {
    "Id": 106,
    "Name": "Jamaica",
    "Code": "JM",
    "DialCode": "+1876",
    "HasState": false
  },
  {
    "Id": 107,
    "Name": "Japan",
    "Code": "JP",
    "DialCode": "+81",
    "HasState": true
  },
  {
    "Id": 108,
    "Name": "Jersey",
    "Code": "JE",
    "DialCode": "+44",
    "HasState": false
  },
  {
    "Id": 109,
    "Name": "Jordan",
    "Code": "JO",
    "DialCode": "+962",
    "HasState": false
  },
  {
    "Id": 110,
    "Name": "Kazakhstan",
    "Code": "KZ",
    "DialCode": "+77",
    "HasState": true
  },
  {
    "Id": 111,
    "Name": "Kenya",
    "Code": "KE",
    "DialCode": "+254",
    "HasState": false
  },
  {
    "Id": 112,
    "Name": "Kiribati",
    "Code": "KI",
    "DialCode": "+686",
    "HasState": false
  },
  {
    "Id": 113,
    "Name": "Korea, Democratic People's Republic of Korea",
    "Code": "KP",
    "DialCode": "+850",
    "HasState": false
  },
  {
    "Id": 114,
    "Name": "Korea, Republic of South Korea",
    "Code": "KR",
    "DialCode": "+82",
    "HasState": false
  },
  {
    "Id": 115,
    "Name": "Kuwait",
    "Code": "KW",
    "DialCode": "+965",
    "HasState": false
  },
  {
    "Id": 116,
    "Name": "Kyrgyzstan",
    "Code": "KG",
    "DialCode": "+996",
    "HasState": true
  },
  {
    "Id": 117,
    "Name": "Laos",
    "Code": "LA",
    "DialCode": "+856",
    "HasState": false
  },
  {
    "Id": 118,
    "Name": "Latvia",
    "Code": "LV",
    "DialCode": "+371",
    "HasState": false
  },
  {
    "Id": 119,
    "Name": "Lebanon",
    "Code": "LB",
    "DialCode": "+961",
    "HasState": false
  },
  {
    "Id": 120,
    "Name": "Lesotho",
    "Code": "LS",
    "DialCode": "+266",
    "HasState": false
  },
  {
    "Id": 121,
    "Name": "Liberia",
    "Code": "LR",
    "DialCode": "+231",
    "HasState": false
  },
  {
    "Id": 122,
    "Name": "Libyan Arab Jamahiriya",
    "Code": "LY",
    "DialCode": "+218",
    "HasState": true
  },
  {
    "Id": 123,
    "Name": "Liechtenstein",
    "Code": "LI",
    "DialCode": "+423",
    "HasState": false
  },
  {
    "Id": 124,
    "Name": "Lithuania",
    "Code": "LT",
    "DialCode": "+370",
    "HasState": false
  },
  {
    "Id": 125,
    "Name": "Luxembourg",
    "Code": "LU",
    "DialCode": "+352",
    "HasState": false
  },
  {
    "Id": 126,
    "Name": "Macao",
    "Code": "MO",
    "DialCode": "+853",
    "HasState": false
  },
  {
    "Id": 127,
    "Name": "Macedonia",
    "Code": "MK",
    "DialCode": "+389",
    "HasState": true
  },
  {
    "Id": 128,
    "Name": "Madagascar",
    "Code": "MG",
    "DialCode": "+261",
    "HasState": false
  },
  {
    "Id": 129,
    "Name": "Malawi",
    "Code": "MW",
    "DialCode": "+265",
    "HasState": false
  },
  {
    "Id": 130,
    "Name": "Malaysia",
    "Code": "MY",
    "DialCode": "+60",
    "HasState": true
  },
  {
    "Id": 131,
    "Name": "Maldives",
    "Code": "MV",
    "DialCode": "+960",
    "HasState": false
  },
  {
    "Id": 132,
    "Name": "Mali",
    "Code": "ML",
    "DialCode": "+223",
    "HasState": false
  },
  {
    "Id": 133,
    "Name": "Malta",
    "Code": "MT",
    "DialCode": "+356",
    "HasState": false
  },
  {
    "Id": 134,
    "Name": "Marshall Islands",
    "Code": "MH",
    "DialCode": "+692",
    "HasState": false
  },
  {
    "Id": 135,
    "Name": "Martinique",
    "Code": "MQ",
    "DialCode": "+596",
    "HasState": false
  },
  {
    "Id": 136,
    "Name": "Mauritania",
    "Code": "MR",
    "DialCode": "+222",
    "HasState": false
  },
  {
    "Id": 137,
    "Name": "Mauritius",
    "Code": "MU",
    "DialCode": "+230",
    "HasState": false
  },
  {
    "Id": 138,
    "Name": "Mayotte",
    "Code": "YT",
    "DialCode": "+262",
    "HasState": false
  },
  {
    "Id": 139,
    "Name": "Mexico",
    "Code": "MX",
    "DialCode": "+52",
    "HasState": true
  },
  {
    "Id": 140,
    "Name": "Micronesia, Federated States of Micronesia",
    "Code": "FM",
    "DialCode": "+691",
    "HasState": false
  },
  {
    "Id": 141,
    "Name": "Moldova",
    "Code": "MD",
    "DialCode": "+373",
    "HasState": true
  },
  {
    "Id": 142,
    "Name": "Monaco",
    "Code": "MC",
    "DialCode": "+377",
    "HasState": false
  },
  {
    "Id": 143,
    "Name": "Mongolia",
    "Code": "MN",
    "DialCode": "+976",
    "HasState": false
  },
  {
    "Id": 144,
    "Name": "Montenegro",
    "Code": "ME",
    "DialCode": "+382",
    "HasState": true
  },
  {
    "Id": 145,
    "Name": "Montserrat",
    "Code": "MS",
    "DialCode": "+1664",
    "HasState": false
  },
  {
    "Id": 146,
    "Name": "Morocco",
    "Code": "MA",
    "DialCode": "+212",
    "HasState": true
  },
  {
    "Id": 147,
    "Name": "Mozambique",
    "Code": "MZ",
    "DialCode": "+258",
    "HasState": false
  },
  {
    "Id": 148,
    "Name": "Myanmar",
    "Code": "MM",
    "DialCode": "+95",
    "HasState": false
  },
  {
    "Id": 149,
    "Name": "Namibia",
    "Code": "NA",
    "DialCode": "+264",
    "HasState": false
  },
  {
    "Id": 150,
    "Name": "Nauru",
    "Code": "NR",
    "DialCode": "+674",
    "HasState": false
  },
  {
    "Id": 151,
    "Name": "Nepal",
    "Code": "NP",
    "DialCode": "+977",
    "HasState": false
  },
  {
    "Id": 152,
    "Name": "Netherlands",
    "Code": "NL",
    "DialCode": "+31",
    "HasState": true
  },
  {
    "Id": 153,
    "Name": "Netherlands Antilles",
    "Code": "AN",
    "DialCode": "+599",
    "HasState": false
  },
  {
    "Id": 154,
    "Name": "New Caledonia",
    "Code": "NC",
    "DialCode": "+687",
    "HasState": false
  },
  {
    "Id": 155,
    "Name": "New Zealand",
    "Code": "NZ",
    "DialCode": "+64",
    "HasState": true
  },
  {
    "Id": 156,
    "Name": "Nicaragua",
    "Code": "NI",
    "DialCode": "+505",
    "HasState": false
  },
  {
    "Id": 157,
    "Name": "Niger",
    "Code": "NE",
    "DialCode": "+227",
    "HasState": false
  },
  {
    "Id": 158,
    "Name": "Nigeria",
    "Code": "NG",
    "DialCode": "+234",
    "HasState": false
  },
  {
    "Id": 159,
    "Name": "Niue",
    "Code": "NU",
    "DialCode": "+683",
    "HasState": false
  },
  {
    "Id": 160,
    "Name": "Norfolk Island",
    "Code": "NF",
    "DialCode": "+672",
    "HasState": false
  },
  {
    "Id": 161,
    "Name": "Northern Mariana Islands",
    "Code": "MP",
    "DialCode": "+1670",
    "HasState": false
  },
  {
    "Id": 162,
    "Name": "Norway",
    "Code": "NO",
    "DialCode": "+47",
    "HasState": false
  },
  {
    "Id": 163,
    "Name": "Oman",
    "Code": "OM",
    "DialCode": "+968",
    "HasState": false
  },
  {
    "Id": 164,
    "Name": "Pakistan",
    "Code": "PK",
    "DialCode": "+92",
    "HasState": false
  },
  {
    "Id": 165,
    "Name": "Palau",
    "Code": "PW",
    "DialCode": "+680",
    "HasState": false
  },
  {
    "Id": 166,
    "Name": "Palestinian Territory, Occupied",
    "Code": "PS",
    "DialCode": "+970",
    "HasState": false
  },
  {
    "Id": 167,
    "Name": "Panama",
    "Code": "PA",
    "DialCode": "+507",
    "HasState": false
  },
  {
    "Id": 168,
    "Name": "Papua New Guinea",
    "Code": "PG",
    "DialCode": "+675",
    "HasState": false
  },
  {
    "Id": 169,
    "Name": "Paraguay",
    "Code": "PY",
    "DialCode": "+595",
    "HasState": false
  },
  {
    "Id": 170,
    "Name": "Peru",
    "Code": "PE",
    "DialCode": "+51",
    "HasState": false
  },
  {
    "Id": 171,
    "Name": "Philippines",
    "Code": "PH",
    "DialCode": "+63",
    "HasState": false
  },
  {
    "Id": 172,
    "Name": "Pitcairn",
    "Code": "PN",
    "DialCode": "+872",
    "HasState": false
  },
  {
    "Id": 173,
    "Name": "Poland",
    "Code": "PL",
    "DialCode": "+48",
    "HasState": false
  },
  {
    "Id": 174,
    "Name": "Portugal",
    "Code": "PT",
    "DialCode": "+351",
    "HasState": true
  },
  {
    "Id": 175,
    "Name": "Puerto Rico",
    "Code": "PR",
    "DialCode": "+1939",
    "HasState": false
  },
  {
    "Id": 176,
    "Name": "Qatar",
    "Code": "QA",
    "DialCode": "+974",
    "HasState": false
  },
  {
    "Id": 177,
    "Name": "Romania",
    "Code": "RO",
    "DialCode": "+40",
    "HasState": true
  },
  {
    "Id": 178,
    "Name": "Russia",
    "Code": "RU",
    "DialCode": "+7",
    "HasState": true
  },
  {
    "Id": 179,
    "Name": "Rwanda",
    "Code": "RW",
    "DialCode": "+250",
    "HasState": false
  },
  {
    "Id": 180,
    "Name": "Reunion",
    "Code": "RE",
    "DialCode": "+262",
    "HasState": false
  },
  {
    "Id": 181,
    "Name": "Saint Barthelemy",
    "Code": "BL",
    "DialCode": "+590",
    "HasState": false
  },
  {
    "Id": 182,
    "Name": "Saint Helena, Ascension and Tristan Da Cunha",
    "Code": "SH",
    "DialCode": "+290",
    "HasState": false
  },
  {
    "Id": 183,
    "Name": "Saint Kitts and Nevis",
    "Code": "KN",
    "DialCode": "+1869",
    "HasState": false
  },
  {
    "Id": 184,
    "Name": "Saint Lucia",
    "Code": "LC",
    "DialCode": "+1758",
    "HasState": false
  },
  {
    "Id": 185,
    "Name": "Saint Martin",
    "Code": "MF",
    "DialCode": "+590",
    "HasState": false
  },
  {
    "Id": 186,
    "Name": "Saint Pierre and Miquelon",
    "Code": "PM",
    "DialCode": "+508",
    "HasState": false
  },
  {
    "Id": 187,
    "Name": "Saint Vincent and the Grenadines",
    "Code": "VC",
    "DialCode": "+1784",
    "HasState": false
  },
  {
    "Id": 188,
    "Name": "Samoa",
    "Code": "WS",
    "DialCode": "+685",
    "HasState": false
  },
  {
    "Id": 189,
    "Name": "San Marino",
    "Code": "SM",
    "DialCode": "+378",
    "HasState": false
  },
  {
    "Id": 190,
    "Name": "Sao Tome and Principe",
    "Code": "ST",
    "DialCode": "+239",
    "HasState": false
  },
  {
    "Id": 191,
    "Name": "Saudi Arabia",
    "Code": "SA",
    "DialCode": "+966",
    "HasState": true
  },
  {
    "Id": 192,
    "Name": "Senegal",
    "Code": "SN",
    "DialCode": "+221",
    "HasState": false
  },
  {
    "Id": 193,
    "Name": "Serbia",
    "Code": "RS",
    "DialCode": "+381",
    "HasState": true
  },
  {
    "Id": 194,
    "Name": "Seychelles",
    "Code": "SC",
    "DialCode": "+248",
    "HasState": false
  },
  {
    "Id": 195,
    "Name": "Sierra Leone",
    "Code": "SL",
    "DialCode": "+232",
    "HasState": false
  },
  {
    "Id": 196,
    "Name": "Singapore",
    "Code": "SG",
    "DialCode": "+65",
    "HasState": false
  },
  {
    "Id": 197,
    "Name": "Slovakia",
    "Code": "SK",
    "DialCode": "+421",
    "HasState": true
  },
  {
    "Id": 198,
    "Name": "Slovenia",
    "Code": "SI",
    "DialCode": "+386",
    "HasState": false
  },
  {
    "Id": 199,
    "Name": "Solomon Islands",
    "Code": "SB",
    "DialCode": "+677",
    "HasState": false
  },
  {
    "Id": 200,
    "Name": "Somalia",
    "Code": "SO",
    "DialCode": "+252",
    "HasState": false
  },
  {
    "Id": 201,
    "Name": "South Africa",
    "Code": "ZA",
    "DialCode": "+27",
    "HasState": false
  },
  {
    "Id": 202,
    "Name": "South Sudan",
    "Code": "SS",
    "DialCode": "+211",
    "HasState": false
  },
  {
    "Id": 203,
    "Name": "South Georgia and the South Sandwich Islands",
    "Code": "GS",
    "DialCode": "+500",
    "HasState": false
  },
  {
    "Id": 204,
    "Name": "Spain",
    "Code": "ES",
    "DialCode": "+34",
    "HasState": false
  },
  {
    "Id": 205,
    "Name": "Sri Lanka",
    "Code": "LK",
    "DialCode": "+94",
    "HasState": false
  },
  {
    "Id": 206,
    "Name": "Sudan",
    "Code": "SD",
    "DialCode": "+249",
    "HasState": false
  },
  {
    "Id": 207,
    "Name": "Suriname",
    "Code": "SR",
    "DialCode": "+597",
    "HasState": false
  },
  {
    "Id": 208,
    "Name": "Svalbard and Jan Mayen",
    "Code": "SJ",
    "DialCode": "+47",
    "HasState": false
  },
  {
    "Id": 209,
    "Name": "Swaziland",
    "Code": "SZ",
    "DialCode": "+268",
    "HasState": false
  },
  {
    "Id": 210,
    "Name": "Sweden",
    "Code": "SE",
    "DialCode": "+46",
    "HasState": true
  },
  {
    "Id": 211,
    "Name": "Switzerland",
    "Code": "CH",
    "DialCode": "+41",
    "HasState": true
  },
  {
    "Id": 212,
    "Name": "Syrian Arab Republic",
    "Code": "SY",
    "DialCode": "+963",
    "HasState": true
  },
  {
    "Id": 213,
    "Name": "Taiwan",
    "Code": "TW",
    "DialCode": "+886",
    "HasState": false
  },
  {
    "Id": 214,
    "Name": "Tajikistan",
    "Code": "TJ",
    "DialCode": "+992",
    "HasState": true
  },
  {
    "Id": 215,
    "Name": "Tanzania, United Republic of Tanzania",
    "Code": "TZ",
    "DialCode": "+255",
    "HasState": false
  },
  {
    "Id": 216,
    "Name": "Thailand",
    "Code": "TH",
    "DialCode": "+66",
    "HasState": false
  },
  {
    "Id": 217,
    "Name": "Timor-Leste",
    "Code": "TL",
    "DialCode": "+670",
    "HasState": false
  },
  {
    "Id": 218,
    "Name": "Togo",
    "Code": "TG",
    "DialCode": "+228",
    "HasState": false
  },
  {
    "Id": 219,
    "Name": "Tokelau",
    "Code": "TK",
    "DialCode": "+690",
    "HasState": false
  },
  {
    "Id": 220,
    "Name": "Tonga",
    "Code": "TO",
    "DialCode": "+676",
    "HasState": false
  },
  {
    "Id": 221,
    "Name": "Trinidad and Tobago",
    "Code": "TT",
    "DialCode": "+1868",
    "HasState": false
  },
  {
    "Id": 222,
    "Name": "Tunisia",
    "Code": "TN",
    "DialCode": "+216",
    "HasState": false
  },
  {
    "Id": 223,
    "Name": "Turkey",
    "Code": "TR",
    "DialCode": "+90",
    "HasState": true
  },
  {
    "Id": 224,
    "Name": "Turkmenistan",
    "Code": "TM",
    "DialCode": "+993",
    "HasState": true
  },
  {
    "Id": 225,
    "Name": "Turks and Caicos Islands",
    "Code": "TC",
    "DialCode": "+1649",
    "HasState": false
  },
  {
    "Id": 226,
    "Name": "Tuvalu",
    "Code": "TV",
    "DialCode": "+688",
    "HasState": false
  },
  {
    "Id": 227,
    "Name": "Uganda",
    "Code": "UG",
    "DialCode": "+256",
    "HasState": true
  },
  {
    "Id": 228,
    "Name": "Ukraine",
    "Code": "UA",
    "DialCode": "+380",
    "HasState": false
  },
  {
    "Id": 229,
    "Name": "United Arab Emirates",
    "Code": "AE",
    "DialCode": "+971",
    "HasState": true
  },
  {
    "Id": 230,
    "Name": "United Kingdom",
    "Code": "GB",
    "DialCode": "+44",
    "HasState": true
  },
  {
    "Id": 231,
    "Name": "United States",
    "Code": "US",
    "DialCode": "+1",
    "HasState": true
  },
  {
    "Id": 232,
    "Name": "Uruguay",
    "Code": "UY",
    "DialCode": "+598",
    "HasState": false
  },
  {
    "Id": 233,
    "Name": "Uzbekistan",
    "Code": "UZ",
    "DialCode": "+998",
    "HasState": true
  },
  {
    "Id": 234,
    "Name": "Vanuatu",
    "Code": "VU",
    "DialCode": "+678",
    "HasState": false
  },
  {
    "Id": 235,
    "Name": "Venezuela, Bolivarian Republic of Venezuela",
    "Code": "VE",
    "DialCode": "+58",
    "HasState": false
  },
  {
    "Id": 236,
    "Name": "Vietnam",
    "Code": "VN",
    "DialCode": "+84",
    "HasState": false
  },
  {
    "Id": 237,
    "Name": "Virgin Islands, British",
    "Code": "VG",
    "DialCode": "+1284",
    "HasState": false
  },
  {
    "Id": 238,
    "Name": "Virgin Islands, U.S.",
    "Code": "VI",
    "DialCode": "+1340",
    "HasState": false
  },
  {
    "Id": 239,
    "Name": "Wallis and Futuna",
    "Code": "WF",
    "DialCode": "+681",
    "HasState": false
  },
  {
    "Id": 240,
    "Name": "Yemen",
    "Code": "YE",
    "DialCode": "+967",
    "HasState": false
  },
  {
    "Id": 241,
    "Name": "Zambia",
    "Code": "ZM",
    "DialCode": "+260",
    "HasState": false
  },
  {
    "Id": 242,
    "Name": "Zimbabwe",
    "Code": "ZW",
    "DialCode": "+263",
    "HasState": false
  },
  {
    "Id": 243,
    "Name": "Turkish Republic of Northern Cyprus",
    "Code": "",
    "DialCode": "+90",
    "HasState": true
  }
]
 
16:55:00.898 [main] INFO  com.intuit.karate.Suite - <<pass>> feature 1 of 1 (0 remaining) src/test/java/features/AccounV2/GetCountryList.feature
16:57:42.410 [main] INFO  com.intuit.karate.Suite - backed up existing 'target\karate-reports' dir to: target\karate-reports_1688651862409
16:57:42.962 [main] INFO  com.intuit.karate - karate.env system property was: null 
16:57:42.968 [main] INFO  com.intuit.karate - >> lock acquired, begin callSingle: classpath:caller/CreateToken/CreateTokenFile.feature@create_token_caller
16:57:42.981 [main] INFO  c.intuit.karate.core.FeatureRuntime - classpath:caller/CreateToken/CreateTokenFile.feature - call by tag at line 10: create_token_caller
16:57:43.919 [main] INFO  com.intuit.karate - << lock released, cached callSingle: classpath:caller/CreateToken/CreateTokenFile.feature@create_token_caller
16:57:43.919 [main] INFO  com.intuit.karate - >> lock acquired, begin callSingle: classpath:caller/CreateToken/CreateTokenFile.feature@create_token_caller2
16:57:43.921 [main] INFO  c.intuit.karate.core.FeatureRuntime - classpath:caller/CreateToken/CreateTokenFile.feature - call by tag at line 16: create_token_caller2
16:57:44.467 [main] INFO  com.intuit.karate - << lock released, cached callSingle: classpath:caller/CreateToken/CreateTokenFile.feature@create_token_caller2
16:57:44.468 [main] INFO  com.intuit.karate - >> lock acquired, begin callSingle: classpath:caller/CoinBalanceDetail/CoinBlanceDetailCaller.feature@coinbalancedetail_caller
16:57:44.470 [main] INFO  c.intuit.karate.core.FeatureRuntime - classpath:caller/CoinBalanceDetail/CoinBlanceDetailCaller.feature - call by tag at line 11: coinbalancedetail_caller
16:57:45.036 [main] INFO  com.intuit.karate - << lock released, cached callSingle: classpath:caller/CoinBalanceDetail/CoinBlanceDetailCaller.feature@coinbalancedetail_caller
16:57:45.531 [main] INFO  com.intuit.karate - [print] [
  {
    "Id": 223,
    "Name": "Turkey",
    "Code": "TR",
    "DialCode": "+90",
    "HasState": true
  }
]
 
16:57:46.022 [main] INFO  com.intuit.karate.Suite - <<pass>> feature 1 of 1 (0 remaining) src/test/java/features/AccounV2/GetCountryList.feature
16:58:40.783 [main] INFO  com.intuit.karate.Suite - backed up existing 'target\karate-reports' dir to: target\karate-reports_1688651920783
16:58:41.314 [main] INFO  com.intuit.karate - karate.env system property was: null 
16:58:41.322 [main] INFO  com.intuit.karate - >> lock acquired, begin callSingle: classpath:caller/CreateToken/CreateTokenFile.feature@create_token_caller
16:58:41.337 [main] INFO  c.intuit.karate.core.FeatureRuntime - classpath:caller/CreateToken/CreateTokenFile.feature - call by tag at line 10: create_token_caller
16:58:42.179 [main] INFO  com.intuit.karate - << lock released, cached callSingle: classpath:caller/CreateToken/CreateTokenFile.feature@create_token_caller
16:58:42.180 [main] INFO  com.intuit.karate - >> lock acquired, begin callSingle: classpath:caller/CreateToken/CreateTokenFile.feature@create_token_caller2
16:58:42.182 [main] INFO  c.intuit.karate.core.FeatureRuntime - classpath:caller/CreateToken/CreateTokenFile.feature - call by tag at line 16: create_token_caller2
16:58:42.641 [main] INFO  com.intuit.karate - << lock released, cached callSingle: classpath:caller/CreateToken/CreateTokenFile.feature@create_token_caller2
16:58:42.641 [main] INFO  com.intuit.karate - >> lock acquired, begin callSingle: classpath:caller/CoinBalanceDetail/CoinBlanceDetailCaller.feature@coinbalancedetail_caller
16:58:42.643 [main] INFO  c.intuit.karate.core.FeatureRuntime - classpath:caller/CoinBalanceDetail/CoinBlanceDetailCaller.feature - call by tag at line 11: coinbalancedetail_caller
16:58:43.151 [main] INFO  com.intuit.karate - << lock released, cached callSingle: classpath:caller/CoinBalanceDetail/CoinBlanceDetailCaller.feature@coinbalancedetail_caller
16:58:43.644 [main] INFO  com.intuit.karate - [print] [
  {
    "Id": 223,
    "Name": "Turkey",
    "Code": "TR",
    "DialCode": "+90",
    "HasState": true
  }
]
 
16:58:44.165 [main] INFO  com.intuit.karate.Suite - <<pass>> feature 1 of 1 (0 remaining) src/test/java/features/AccounV2/GetCountryList.feature
16:58:53.809 [main] INFO  com.intuit.karate.Suite - backed up existing 'target\karate-reports' dir to: target\karate-reports_1688651933807
16:58:54.348 [main] INFO  com.intuit.karate - karate.env system property was: null 
16:58:54.355 [main] INFO  com.intuit.karate - >> lock acquired, begin callSingle: classpath:caller/CreateToken/CreateTokenFile.feature@create_token_caller
16:58:54.371 [main] INFO  c.intuit.karate.core.FeatureRuntime - classpath:caller/CreateToken/CreateTokenFile.feature - call by tag at line 10: create_token_caller
16:58:55.245 [main] INFO  com.intuit.karate - << lock released, cached callSingle: classpath:caller/CreateToken/CreateTokenFile.feature@create_token_caller
16:58:55.245 [main] INFO  com.intuit.karate - >> lock acquired, begin callSingle: classpath:caller/CreateToken/CreateTokenFile.feature@create_token_caller2
16:58:55.247 [main] INFO  c.intuit.karate.core.FeatureRuntime - classpath:caller/CreateToken/CreateTokenFile.feature - call by tag at line 16: create_token_caller2
16:58:55.733 [main] INFO  com.intuit.karate - << lock released, cached callSingle: classpath:caller/CreateToken/CreateTokenFile.feature@create_token_caller2
16:58:55.733 [main] INFO  com.intuit.karate - >> lock acquired, begin callSingle: classpath:caller/CoinBalanceDetail/CoinBlanceDetailCaller.feature@coinbalancedetail_caller
16:58:55.749 [main] INFO  c.intuit.karate.core.FeatureRuntime - classpath:caller/CoinBalanceDetail/CoinBlanceDetailCaller.feature - call by tag at line 11: coinbalancedetail_caller
16:58:56.211 [main] INFO  com.intuit.karate - << lock released, cached callSingle: classpath:caller/CoinBalanceDetail/CoinBlanceDetailCaller.feature@coinbalancedetail_caller
16:58:56.688 [main] INFO  com.intuit.karate - [print] [
  {
    "Id": 223,
    "Name": "Turkey",
    "Code": "TR",
    "DialCode": "+90",
    "HasState": true
  }
]
 
16:58:56.703 [main] ERROR com.intuit.karate - src/test/java/features/AccounV2/GetCountryList.feature:14
* match bob[0].DialCode == "+80"
match failed: EQUALS
  $ | not equal (STRING:STRING)
  '+90'
  '+80'

src/test/java/features/AccounV2/GetCountryList.feature:14
16:58:57.182 [main] INFO  com.intuit.karate.Suite - <<fail>> feature 1 of 1 (0 remaining) src/test/java/features/AccounV2/GetCountryList.feature
16:59:04.887 [main] INFO  com.intuit.karate.Suite - backed up existing 'target\karate-reports' dir to: target\karate-reports_1688651944885
16:59:05.431 [main] INFO  com.intuit.karate - karate.env system property was: null 
16:59:05.447 [main] INFO  com.intuit.karate - >> lock acquired, begin callSingle: classpath:caller/CreateToken/CreateTokenFile.feature@create_token_caller
16:59:05.463 [main] INFO  c.intuit.karate.core.FeatureRuntime - classpath:caller/CreateToken/CreateTokenFile.feature - call by tag at line 10: create_token_caller
16:59:06.303 [main] INFO  com.intuit.karate - << lock released, cached callSingle: classpath:caller/CreateToken/CreateTokenFile.feature@create_token_caller
16:59:06.304 [main] INFO  com.intuit.karate - >> lock acquired, begin callSingle: classpath:caller/CreateToken/CreateTokenFile.feature@create_token_caller2
16:59:06.304 [main] INFO  c.intuit.karate.core.FeatureRuntime - classpath:caller/CreateToken/CreateTokenFile.feature - call by tag at line 16: create_token_caller2
16:59:06.808 [main] INFO  com.intuit.karate - << lock released, cached callSingle: classpath:caller/CreateToken/CreateTokenFile.feature@create_token_caller2
16:59:06.808 [main] INFO  com.intuit.karate - >> lock acquired, begin callSingle: classpath:caller/CoinBalanceDetail/CoinBlanceDetailCaller.feature@coinbalancedetail_caller
16:59:06.808 [main] INFO  c.intuit.karate.core.FeatureRuntime - classpath:caller/CoinBalanceDetail/CoinBlanceDetailCaller.feature - call by tag at line 11: coinbalancedetail_caller
16:59:07.297 [main] INFO  com.intuit.karate - << lock released, cached callSingle: classpath:caller/CoinBalanceDetail/CoinBlanceDetailCaller.feature@coinbalancedetail_caller
16:59:07.762 [main] INFO  com.intuit.karate - [print] [
  {
    "Id": 223,
    "Name": "Turkey",
    "Code": "TR",
    "DialCode": "+90",
    "HasState": true
  }
]
 
16:59:08.243 [main] INFO  com.intuit.karate.Suite - <<pass>> feature 1 of 1 (0 remaining) src/test/java/features/AccounV2/GetCountryList.feature
17:00:46.849 [main] INFO  com.intuit.karate.Suite - backed up existing 'target\karate-reports' dir to: target\karate-reports_1688652046849
17:00:47.386 [main] INFO  com.intuit.karate - karate.env system property was: null 
17:00:47.394 [main] INFO  com.intuit.karate - >> lock acquired, begin callSingle: classpath:caller/CreateToken/CreateTokenFile.feature@create_token_caller
17:00:47.395 [main] INFO  c.intuit.karate.core.FeatureRuntime - classpath:caller/CreateToken/CreateTokenFile.feature - call by tag at line 10: create_token_caller
17:00:48.204 [main] INFO  com.intuit.karate - << lock released, cached callSingle: classpath:caller/CreateToken/CreateTokenFile.feature@create_token_caller
17:00:48.204 [main] INFO  com.intuit.karate - >> lock acquired, begin callSingle: classpath:caller/CreateToken/CreateTokenFile.feature@create_token_caller2
17:00:48.204 [main] INFO  c.intuit.karate.core.FeatureRuntime - classpath:caller/CreateToken/CreateTokenFile.feature - call by tag at line 16: create_token_caller2
17:00:48.718 [main] INFO  com.intuit.karate - << lock released, cached callSingle: classpath:caller/CreateToken/CreateTokenFile.feature@create_token_caller2
17:00:48.719 [main] INFO  com.intuit.karate - >> lock acquired, begin callSingle: classpath:caller/CoinBalanceDetail/CoinBlanceDetailCaller.feature@coinbalancedetail_caller
17:00:48.721 [main] INFO  c.intuit.karate.core.FeatureRuntime - classpath:caller/CoinBalanceDetail/CoinBlanceDetailCaller.feature - call by tag at line 11: coinbalancedetail_caller
17:00:49.212 [main] INFO  com.intuit.karate - << lock released, cached callSingle: classpath:caller/CoinBalanceDetail/CoinBlanceDetailCaller.feature@coinbalancedetail_caller
17:00:49.770 [main] ERROR com.intuit.karate - src/test/java/features/AccounV2/GetCountryList.feature:13
* def bob1 = bob1.Id
js failed:
>>>>
01: bob1.Id
<<<<
org.graalvm.polyglot.PolyglotException: ReferenceError: "bob1" is not defined
- <js>.:program(Unnamed:1)

src/test/java/features/AccounV2/GetCountryList.feature:13
17:00:50.210 [main] INFO  com.intuit.karate.Suite - <<fail>> feature 1 of 1 (0 remaining) src/test/java/features/AccounV2/GetCountryList.feature
17:01:13.286 [main] INFO  com.intuit.karate.Suite - backed up existing 'target\karate-reports' dir to: target\karate-reports_1688652073286
17:01:13.825 [main] INFO  com.intuit.karate - karate.env system property was: null 
17:01:13.830 [main] INFO  com.intuit.karate - >> lock acquired, begin callSingle: classpath:caller/CreateToken/CreateTokenFile.feature@create_token_caller
17:01:13.841 [main] INFO  c.intuit.karate.core.FeatureRuntime - classpath:caller/CreateToken/CreateTokenFile.feature - call by tag at line 10: create_token_caller
17:01:14.684 [main] INFO  com.intuit.karate - << lock released, cached callSingle: classpath:caller/CreateToken/CreateTokenFile.feature@create_token_caller
17:01:14.684 [main] INFO  com.intuit.karate - >> lock acquired, begin callSingle: classpath:caller/CreateToken/CreateTokenFile.feature@create_token_caller2
17:01:14.700 [main] INFO  c.intuit.karate.core.FeatureRuntime - classpath:caller/CreateToken/CreateTokenFile.feature - call by tag at line 16: create_token_caller2
17:01:15.193 [main] INFO  com.intuit.karate - << lock released, cached callSingle: classpath:caller/CreateToken/CreateTokenFile.feature@create_token_caller2
17:01:15.193 [main] INFO  com.intuit.karate - >> lock acquired, begin callSingle: classpath:caller/CoinBalanceDetail/CoinBlanceDetailCaller.feature@coinbalancedetail_caller
17:01:15.193 [main] INFO  c.intuit.karate.core.FeatureRuntime - classpath:caller/CoinBalanceDetail/CoinBlanceDetailCaller.feature - call by tag at line 11: coinbalancedetail_caller
17:01:15.655 [main] INFO  com.intuit.karate - << lock released, cached callSingle: classpath:caller/CoinBalanceDetail/CoinBlanceDetailCaller.feature@coinbalancedetail_caller
17:01:16.154 [main] ERROR com.intuit.karate - src/test/java/features/AccounV2/GetCountryList.feature:13
* def bob1 = bob1[0].Id
js failed:
>>>>
01: bob1[0].Id
<<<<
org.graalvm.polyglot.PolyglotException: ReferenceError: "bob1" is not defined
- <js>.:program(Unnamed:1)

src/test/java/features/AccounV2/GetCountryList.feature:13
17:01:16.597 [main] INFO  com.intuit.karate.Suite - <<fail>> feature 1 of 1 (0 remaining) src/test/java/features/AccounV2/GetCountryList.feature
17:02:03.422 [main] INFO  com.intuit.karate.Suite - backed up existing 'target\karate-reports' dir to: target\karate-reports_1688652123420
17:02:03.969 [main] INFO  com.intuit.karate - karate.env system property was: null 
17:02:03.984 [main] INFO  com.intuit.karate - >> lock acquired, begin callSingle: classpath:caller/CreateToken/CreateTokenFile.feature@create_token_caller
17:02:03.984 [main] INFO  c.intuit.karate.core.FeatureRuntime - classpath:caller/CreateToken/CreateTokenFile.feature - call by tag at line 10: create_token_caller
17:02:04.806 [main] INFO  com.intuit.karate - << lock released, cached callSingle: classpath:caller/CreateToken/CreateTokenFile.feature@create_token_caller
17:02:04.806 [main] INFO  com.intuit.karate - >> lock acquired, begin callSingle: classpath:caller/CreateToken/CreateTokenFile.feature@create_token_caller2
17:02:04.806 [main] INFO  c.intuit.karate.core.FeatureRuntime - classpath:caller/CreateToken/CreateTokenFile.feature - call by tag at line 16: create_token_caller2
17:02:05.290 [main] INFO  com.intuit.karate - << lock released, cached callSingle: classpath:caller/CreateToken/CreateTokenFile.feature@create_token_caller2
17:02:05.291 [main] INFO  com.intuit.karate - >> lock acquired, begin callSingle: classpath:caller/CoinBalanceDetail/CoinBlanceDetailCaller.feature@coinbalancedetail_caller
17:02:05.293 [main] INFO  c.intuit.karate.core.FeatureRuntime - classpath:caller/CoinBalanceDetail/CoinBlanceDetailCaller.feature - call by tag at line 11: coinbalancedetail_caller
17:02:05.803 [main] INFO  com.intuit.karate - << lock released, cached callSingle: classpath:caller/CoinBalanceDetail/CoinBlanceDetailCaller.feature@coinbalancedetail_caller
17:02:06.302 [main] INFO  com.intuit.karate - [print] [
  {
    "Id": 223,
    "Name": "Turkey",
    "Code": "TR",
    "DialCode": "+90",
    "HasState": true
  }
]
 
17:02:06.302 [main] INFO  com.intuit.karate - [print] 223 
17:02:06.759 [main] INFO  com.intuit.karate.Suite - <<pass>> feature 1 of 1 (0 remaining) src/test/java/features/AccounV2/GetCountryList.feature
17:16:42.333 [main] INFO  com.intuit.karate.Suite - backed up existing 'target\karate-reports' dir to: target\karate-reports_1688653002333
17:16:42.349 [main] INFO  c.intuit.karate.core.FeatureRuntime - found scenario at line: 6 - ^Turkiye deki sehir$
17:16:42.862 [main] INFO  com.intuit.karate - karate.env system property was: null 
17:16:42.878 [main] INFO  com.intuit.karate - >> lock acquired, begin callSingle: classpath:caller/CreateToken/CreateTokenFile.feature@create_token_caller
17:16:42.893 [main] INFO  c.intuit.karate.core.FeatureRuntime - classpath:caller/CreateToken/CreateTokenFile.feature - call by tag at line 10: create_token_caller
17:16:43.844 [main] INFO  com.intuit.karate - << lock released, cached callSingle: classpath:caller/CreateToken/CreateTokenFile.feature@create_token_caller
17:16:43.844 [main] INFO  com.intuit.karate - >> lock acquired, begin callSingle: classpath:caller/CreateToken/CreateTokenFile.feature@create_token_caller2
17:16:43.844 [main] INFO  c.intuit.karate.core.FeatureRuntime - classpath:caller/CreateToken/CreateTokenFile.feature - call by tag at line 16: create_token_caller2
17:16:44.336 [main] INFO  com.intuit.karate - << lock released, cached callSingle: classpath:caller/CreateToken/CreateTokenFile.feature@create_token_caller2
17:16:44.336 [main] INFO  com.intuit.karate - >> lock acquired, begin callSingle: classpath:caller/CoinBalanceDetail/CoinBlanceDetailCaller.feature@coinbalancedetail_caller
17:16:44.336 [main] INFO  c.intuit.karate.core.FeatureRuntime - classpath:caller/CoinBalanceDetail/CoinBlanceDetailCaller.feature - call by tag at line 11: coinbalancedetail_caller
17:16:44.990 [main] INFO  com.intuit.karate - << lock released, cached callSingle: classpath:caller/CoinBalanceDetail/CoinBlanceDetailCaller.feature@coinbalancedetail_caller
17:16:45.009 [main] INFO  com.intuit.karate - >> lock acquired, begin callonce: read('classpath:features/AccounV2/GetCountryList.feature')
17:16:46.292 [main] INFO  com.intuit.karate - [print] [
  {
    "Id": 223,
    "Name": "Turkey",
    "Code": "TR",
    "DialCode": "+90",
    "HasState": true
  }
]
 
17:16:46.292 [main] INFO  com.intuit.karate - [print] 223 
17:16:46.292 [main] INFO  com.intuit.karate - << lock released, cached callonce: read('classpath:features/AccounV2/GetCountryList.feature')
17:16:46.308 [main] INFO  com.intuit.karate - [print] 223 
17:16:46.814 [main] INFO  com.intuit.karate - [print] [
  {
    "Id": 81,
    "Name": "DÜZCE",
    "Plate": 81
  },
  {
    "Id": 80,
    "Name": "OSMANİYE",
    "Plate": 80
  },
  {
    "Id": 79,
    "Name": "KİLİS",
    "Plate": 79
  },
  {
    "Id": 78,
    "Name": "KARABÜK",
    "Plate": 78
  },
  {
    "Id": 77,
    "Name": "YALOVA",
    "Plate": 77
  },
  {
    "Id": 76,
    "Name": "IĞDIR",
    "Plate": 76
  },
  {
    "Id": 75,
    "Name": "ARDAHAN",
    "Plate": 75
  },
  {
    "Id": 74,
    "Name": "BARTIN",
    "Plate": 74
  },
  {
    "Id": 73,
    "Name": "ŞIRNAK",
    "Plate": 73
  },
  {
    "Id": 72,
    "Name": "BATMAN",
    "Plate": 72
  },
  {
    "Id": 71,
    "Name": "KIRIKKALE",
    "Plate": 71
  },
  {
    "Id": 70,
    "Name": "KARAMAN",
    "Plate": 70
  },
  {
    "Id": 69,
    "Name": "BAYBURT",
    "Plate": 69
  },
  {
    "Id": 68,
    "Name": "AKSARAY",
    "Plate": 68
  },
  {
    "Id": 67,
    "Name": "ZONGULDAK",
    "Plate": 67
  },
  {
    "Id": 66,
    "Name": "YOZGAT",
    "Plate": 66
  },
  {
    "Id": 65,
    "Name": "VAN",
    "Plate": 65
  },
  {
    "Id": 64,
    "Name": "UŞAK",
    "Plate": 64
  },
  {
    "Id": 63,
    "Name": "ŞANLIURFA",
    "Plate": 63
  },
  {
    "Id": 62,
    "Name": "TUNCELİ",
    "Plate": 62
  },
  {
    "Id": 61,
    "Name": "TRABZON",
    "Plate": 61
  },
  {
    "Id": 60,
    "Name": "TOKAT",
    "Plate": 60
  },
  {
    "Id": 59,
    "Name": "TEKİRDAĞ",
    "Plate": 59
  },
  {
    "Id": 58,
    "Name": "SİVAS",
    "Plate": 58
  },
  {
    "Id": 57,
    "Name": "SİNOP",
    "Plate": 57
  },
  {
    "Id": 56,
    "Name": "SİİRT",
    "Plate": 56
  },
  {
    "Id": 55,
    "Name": "SAMSUN",
    "Plate": 55
  },
  {
    "Id": 54,
    "Name": "SAKARYA",
    "Plate": 54
  },
  {
    "Id": 53,
    "Name": "RİZE",
    "Plate": 53
  },
  {
    "Id": 52,
    "Name": "ORDU",
    "Plate": 52
  },
  {
    "Id": 51,
    "Name": "NİĞDE",
    "Plate": 51
  },
  {
    "Id": 50,
    "Name": "NEVŞEHİR",
    "Plate": 50
  },
  {
    "Id": 49,
    "Name": "MUŞ",
    "Plate": 49
  },
  {
    "Id": 48,
    "Name": "MUĞLA",
    "Plate": 48
  },
  {
    "Id": 47,
    "Name": "MARDİN",
    "Plate": 47
  },
  {
    "Id": 46,
    "Name": "KAHRAMANMARAŞ",
    "Plate": 46
  },
  {
    "Id": 45,
    "Name": "MANİSA",
    "Plate": 45
  },
  {
    "Id": 44,
    "Name": "MALATYA",
    "Plate": 44
  },
  {
    "Id": 43,
    "Name": "KÜTAHYA",
    "Plate": 43
  },
  {
    "Id": 42,
    "Name": "KONYA",
    "Plate": 42
  },
  {
    "Id": 41,
    "Name": "KOCAELİ",
    "Plate": 41
  },
  {
    "Id": 40,
    "Name": "KIRŞEHİR",
    "Plate": 40
  },
  {
    "Id": 39,
    "Name": "KIRKLARELİ",
    "Plate": 39
  },
  {
    "Id": 38,
    "Name": "KAYSERİ",
    "Plate": 38
  },
  {
    "Id": 37,
    "Name": "KASTAMONU",
    "Plate": 37
  },
  {
    "Id": 36,
    "Name": "KARS",
    "Plate": 36
  },
  {
    "Id": 35,
    "Name": "İZMİR",
    "Plate": 35
  },
  {
    "Id": 34,
    "Name": "İSTANBUL",
    "Plate": 34
  },
  {
    "Id": 33,
    "Name": "MERSİN",
    "Plate": 33
  },
  {
    "Id": 32,
    "Name": "ISPARTA",
    "Plate": 32
  },
  {
    "Id": 31,
    "Name": "HATAY",
    "Plate": 31
  },
  {
    "Id": 30,
    "Name": "HAKKARİ",
    "Plate": 30
  },
  {
    "Id": 29,
    "Name": "GÜMÜŞHANE",
    "Plate": 29
  },
  {
    "Id": 28,
    "Name": "GİRESUN",
    "Plate": 28
  },
  {
    "Id": 27,
    "Name": "GAZİANTEP",
    "Plate": 27
  },
  {
    "Id": 26,
    "Name": "ESKİŞEHİR",
    "Plate": 26
  },
  {
    "Id": 25,
    "Name": "ERZURUM",
    "Plate": 25
  },
  {
    "Id": 24,
    "Name": "ERZİNCAN",
    "Plate": 24
  },
  {
    "Id": 23,
    "Name": "ELAZIĞ",
    "Plate": 23
  },
  {
    "Id": 22,
    "Name": "EDİRNE",
    "Plate": 22
  },
  {
    "Id": 21,
    "Name": "DİYARBAKIR",
    "Plate": 21
  },
  {
    "Id": 20,
    "Name": "DENİZLİ",
    "Plate": 20
  },
  {
    "Id": 19,
    "Name": "ÇORUM",
    "Plate": 19
  },
  {
    "Id": 18,
    "Name": "ÇANKIRI",
    "Plate": 18
  },
  {
    "Id": 17,
    "Name": "ÇANAKKALE",
    "Plate": 17
  },
  {
    "Id": 16,
    "Name": "BURSA",
    "Plate": 16
  },
  {
    "Id": 15,
    "Name": "BURDUR",
    "Plate": 15
  },
  {
    "Id": 14,
    "Name": "BOLU",
    "Plate": 14
  },
  {
    "Id": 13,
    "Name": "BİTLİS",
    "Plate": 13
  },
  {
    "Id": 12,
    "Name": "BİNGÖL",
    "Plate": 12
  },
  {
    "Id": 11,
    "Name": "BİLECİK",
    "Plate": 11
  },
  {
    "Id": 10,
    "Name": "BALIKESİR",
    "Plate": 10
  },
  {
    "Id": 9,
    "Name": "AYDIN",
    "Plate": 9
  },
  {
    "Id": 8,
    "Name": "ARTVİN",
    "Plate": 8
  },
  {
    "Id": 7,
    "Name": "ANTALYA",
    "Plate": 7
  },
  {
    "Id": 6,
    "Name": "ANKARA",
    "Plate": 6
  },
  {
    "Id": 5,
    "Name": "AMASYA",
    "Plate": 5
  },
  {
    "Id": 4,
    "Name": "AĞRI",
    "Plate": 4
  },
  {
    "Id": 3,
    "Name": "AFYONKARAHİSAR",
    "Plate": 3
  },
  {
    "Id": 2,
    "Name": "ADIYAMAN",
    "Plate": 2
  },
  {
    "Id": 1,
    "Name": "ADANA",
    "Plate": 1
  }
]
 
17:16:47.324 [main] INFO  com.intuit.karate.Suite - <<pass>> feature 1 of 1 (0 remaining) src/test/java/features/AccounV2/GetCityList.feature
17:19:38.522 [main] INFO  com.intuit.karate.Suite - backed up existing 'target\karate-reports' dir to: target\karate-reports_1688653178522
17:19:38.537 [main] INFO  c.intuit.karate.core.FeatureRuntime - found scenario at line: 6 - ^Turkiye deki sehir$
17:19:39.074 [main] INFO  com.intuit.karate - karate.env system property was: null 
17:19:39.074 [main] INFO  com.intuit.karate - >> lock acquired, begin callSingle: classpath:caller/CreateToken/CreateTokenFile.feature@create_token_caller
17:19:39.088 [main] INFO  c.intuit.karate.core.FeatureRuntime - classpath:caller/CreateToken/CreateTokenFile.feature - call by tag at line 10: create_token_caller
17:19:39.875 [main] INFO  com.intuit.karate - << lock released, cached callSingle: classpath:caller/CreateToken/CreateTokenFile.feature@create_token_caller
17:19:39.875 [main] INFO  com.intuit.karate - >> lock acquired, begin callSingle: classpath:caller/CreateToken/CreateTokenFile.feature@create_token_caller2
17:19:39.875 [main] INFO  c.intuit.karate.core.FeatureRuntime - classpath:caller/CreateToken/CreateTokenFile.feature - call by tag at line 16: create_token_caller2
17:19:40.320 [main] INFO  com.intuit.karate - << lock released, cached callSingle: classpath:caller/CreateToken/CreateTokenFile.feature@create_token_caller2
17:19:40.320 [main] INFO  com.intuit.karate - >> lock acquired, begin callSingle: classpath:caller/CoinBalanceDetail/CoinBlanceDetailCaller.feature@coinbalancedetail_caller
17:19:40.336 [main] INFO  c.intuit.karate.core.FeatureRuntime - classpath:caller/CoinBalanceDetail/CoinBlanceDetailCaller.feature - call by tag at line 11: coinbalancedetail_caller
17:19:40.929 [main] INFO  com.intuit.karate - << lock released, cached callSingle: classpath:caller/CoinBalanceDetail/CoinBlanceDetailCaller.feature@coinbalancedetail_caller
17:19:40.937 [main] INFO  com.intuit.karate - >> lock acquired, begin callonce: read('classpath:features/AccounV2/GetCountryList.feature')
17:19:41.566 [main] INFO  com.intuit.karate - [print] [
  {
    "Id": 223,
    "Name": "Turkey",
    "Code": "TR",
    "DialCode": "+90",
    "HasState": true
  }
]
 
17:19:41.566 [main] INFO  com.intuit.karate - [print] 223 
17:19:41.566 [main] INFO  com.intuit.karate - << lock released, cached callonce: read('classpath:features/AccounV2/GetCountryList.feature')
17:19:41.566 [main] INFO  com.intuit.karate - [print] 223 
17:19:42.152 [main] INFO  com.intuit.karate - [print] [
  {
    "Id": 81,
    "Name": "DÜZCE",
    "Plate": 81
  },
  {
    "Id": 80,
    "Name": "OSMANİYE",
    "Plate": 80
  },
  {
    "Id": 79,
    "Name": "KİLİS",
    "Plate": 79
  },
  {
    "Id": 78,
    "Name": "KARABÜK",
    "Plate": 78
  },
  {
    "Id": 77,
    "Name": "YALOVA",
    "Plate": 77
  },
  {
    "Id": 76,
    "Name": "IĞDIR",
    "Plate": 76
  },
  {
    "Id": 75,
    "Name": "ARDAHAN",
    "Plate": 75
  },
  {
    "Id": 74,
    "Name": "BARTIN",
    "Plate": 74
  },
  {
    "Id": 73,
    "Name": "ŞIRNAK",
    "Plate": 73
  },
  {
    "Id": 72,
    "Name": "BATMAN",
    "Plate": 72
  },
  {
    "Id": 71,
    "Name": "KIRIKKALE",
    "Plate": 71
  },
  {
    "Id": 70,
    "Name": "KARAMAN",
    "Plate": 70
  },
  {
    "Id": 69,
    "Name": "BAYBURT",
    "Plate": 69
  },
  {
    "Id": 68,
    "Name": "AKSARAY",
    "Plate": 68
  },
  {
    "Id": 67,
    "Name": "ZONGULDAK",
    "Plate": 67
  },
  {
    "Id": 66,
    "Name": "YOZGAT",
    "Plate": 66
  },
  {
    "Id": 65,
    "Name": "VAN",
    "Plate": 65
  },
  {
    "Id": 64,
    "Name": "UŞAK",
    "Plate": 64
  },
  {
    "Id": 63,
    "Name": "ŞANLIURFA",
    "Plate": 63
  },
  {
    "Id": 62,
    "Name": "TUNCELİ",
    "Plate": 62
  },
  {
    "Id": 61,
    "Name": "TRABZON",
    "Plate": 61
  },
  {
    "Id": 60,
    "Name": "TOKAT",
    "Plate": 60
  },
  {
    "Id": 59,
    "Name": "TEKİRDAĞ",
    "Plate": 59
  },
  {
    "Id": 58,
    "Name": "SİVAS",
    "Plate": 58
  },
  {
    "Id": 57,
    "Name": "SİNOP",
    "Plate": 57
  },
  {
    "Id": 56,
    "Name": "SİİRT",
    "Plate": 56
  },
  {
    "Id": 55,
    "Name": "SAMSUN",
    "Plate": 55
  },
  {
    "Id": 54,
    "Name": "SAKARYA",
    "Plate": 54
  },
  {
    "Id": 53,
    "Name": "RİZE",
    "Plate": 53
  },
  {
    "Id": 52,
    "Name": "ORDU",
    "Plate": 52
  },
  {
    "Id": 51,
    "Name": "NİĞDE",
    "Plate": 51
  },
  {
    "Id": 50,
    "Name": "NEVŞEHİR",
    "Plate": 50
  },
  {
    "Id": 49,
    "Name": "MUŞ",
    "Plate": 49
  },
  {
    "Id": 48,
    "Name": "MUĞLA",
    "Plate": 48
  },
  {
    "Id": 47,
    "Name": "MARDİN",
    "Plate": 47
  },
  {
    "Id": 46,
    "Name": "KAHRAMANMARAŞ",
    "Plate": 46
  },
  {
    "Id": 45,
    "Name": "MANİSA",
    "Plate": 45
  },
  {
    "Id": 44,
    "Name": "MALATYA",
    "Plate": 44
  },
  {
    "Id": 43,
    "Name": "KÜTAHYA",
    "Plate": 43
  },
  {
    "Id": 42,
    "Name": "KONYA",
    "Plate": 42
  },
  {
    "Id": 41,
    "Name": "KOCAELİ",
    "Plate": 41
  },
  {
    "Id": 40,
    "Name": "KIRŞEHİR",
    "Plate": 40
  },
  {
    "Id": 39,
    "Name": "KIRKLARELİ",
    "Plate": 39
  },
  {
    "Id": 38,
    "Name": "KAYSERİ",
    "Plate": 38
  },
  {
    "Id": 37,
    "Name": "KASTAMONU",
    "Plate": 37
  },
  {
    "Id": 36,
    "Name": "KARS",
    "Plate": 36
  },
  {
    "Id": 35,
    "Name": "İZMİR",
    "Plate": 35
  },
  {
    "Id": 34,
    "Name": "İSTANBUL",
    "Plate": 34
  },
  {
    "Id": 33,
    "Name": "MERSİN",
    "Plate": 33
  },
  {
    "Id": 32,
    "Name": "ISPARTA",
    "Plate": 32
  },
  {
    "Id": 31,
    "Name": "HATAY",
    "Plate": 31
  },
  {
    "Id": 30,
    "Name": "HAKKARİ",
    "Plate": 30
  },
  {
    "Id": 29,
    "Name": "GÜMÜŞHANE",
    "Plate": 29
  },
  {
    "Id": 28,
    "Name": "GİRESUN",
    "Plate": 28
  },
  {
    "Id": 27,
    "Name": "GAZİANTEP",
    "Plate": 27
  },
  {
    "Id": 26,
    "Name": "ESKİŞEHİR",
    "Plate": 26
  },
  {
    "Id": 25,
    "Name": "ERZURUM",
    "Plate": 25
  },
  {
    "Id": 24,
    "Name": "ERZİNCAN",
    "Plate": 24
  },
  {
    "Id": 23,
    "Name": "ELAZIĞ",
    "Plate": 23
  },
  {
    "Id": 22,
    "Name": "EDİRNE",
    "Plate": 22
  },
  {
    "Id": 21,
    "Name": "DİYARBAKIR",
    "Plate": 21
  },
  {
    "Id": 20,
    "Name": "DENİZLİ",
    "Plate": 20
  },
  {
    "Id": 19,
    "Name": "ÇORUM",
    "Plate": 19
  },
  {
    "Id": 18,
    "Name": "ÇANKIRI",
    "Plate": 18
  },
  {
    "Id": 17,
    "Name": "ÇANAKKALE",
    "Plate": 17
  },
  {
    "Id": 16,
    "Name": "BURSA",
    "Plate": 16
  },
  {
    "Id": 15,
    "Name": "BURDUR",
    "Plate": 15
  },
  {
    "Id": 14,
    "Name": "BOLU",
    "Plate": 14
  },
  {
    "Id": 13,
    "Name": "BİTLİS",
    "Plate": 13
  },
  {
    "Id": 12,
    "Name": "BİNGÖL",
    "Plate": 12
  },
  {
    "Id": 11,
    "Name": "BİLECİK",
    "Plate": 11
  },
  {
    "Id": 10,
    "Name": "BALIKESİR",
    "Plate": 10
  },
  {
    "Id": 9,
    "Name": "AYDIN",
    "Plate": 9
  },
  {
    "Id": 8,
    "Name": "ARTVİN",
    "Plate": 8
  },
  {
    "Id": 7,
    "Name": "ANTALYA",
    "Plate": 7
  },
  {
    "Id": 6,
    "Name": "ANKARA",
    "Plate": 6
  },
  {
    "Id": 5,
    "Name": "AMASYA",
    "Plate": 5
  },
  {
    "Id": 4,
    "Name": "AĞRI",
    "Plate": 4
  },
  {
    "Id": 3,
    "Name": "AFYONKARAHİSAR",
    "Plate": 3
  },
  {
    "Id": 2,
    "Name": "ADIYAMAN",
    "Plate": 2
  },
  {
    "Id": 1,
    "Name": "ADANA",
    "Plate": 1
  }
]
 
17:19:42.156 [main] ERROR com.intuit.karate - src/test/java/features/AccounV2/GetCityList.feature:18
* match bab[0].Plate==7
syntax error, expected '==' for match
src/test/java/features/AccounV2/GetCityList.feature:18
17:19:42.626 [main] INFO  com.intuit.karate.Suite - <<fail>> feature 1 of 1 (0 remaining) src/test/java/features/AccounV2/GetCityList.feature
17:20:15.555 [main] INFO  com.intuit.karate.Suite - backed up existing 'target\karate-reports' dir to: target\karate-reports_1688653215555
17:20:15.571 [main] INFO  c.intuit.karate.core.FeatureRuntime - found scenario at line: 6 - ^Turkiye deki sehir$
17:20:16.143 [main] INFO  com.intuit.karate - karate.env system property was: null 
17:20:16.143 [main] INFO  com.intuit.karate - >> lock acquired, begin callSingle: classpath:caller/CreateToken/CreateTokenFile.feature@create_token_caller
17:20:16.159 [main] INFO  c.intuit.karate.core.FeatureRuntime - classpath:caller/CreateToken/CreateTokenFile.feature - call by tag at line 10: create_token_caller
17:20:17.107 [main] INFO  com.intuit.karate - << lock released, cached callSingle: classpath:caller/CreateToken/CreateTokenFile.feature@create_token_caller
17:20:17.107 [main] INFO  com.intuit.karate - >> lock acquired, begin callSingle: classpath:caller/CreateToken/CreateTokenFile.feature@create_token_caller2
17:20:17.107 [main] INFO  c.intuit.karate.core.FeatureRuntime - classpath:caller/CreateToken/CreateTokenFile.feature - call by tag at line 16: create_token_caller2
17:20:17.638 [main] INFO  com.intuit.karate - << lock released, cached callSingle: classpath:caller/CreateToken/CreateTokenFile.feature@create_token_caller2
17:20:17.638 [main] INFO  com.intuit.karate - >> lock acquired, begin callSingle: classpath:caller/CoinBalanceDetail/CoinBlanceDetailCaller.feature@coinbalancedetail_caller
17:20:17.638 [main] INFO  c.intuit.karate.core.FeatureRuntime - classpath:caller/CoinBalanceDetail/CoinBlanceDetailCaller.feature - call by tag at line 11: coinbalancedetail_caller
17:20:18.191 [main] INFO  com.intuit.karate - << lock released, cached callSingle: classpath:caller/CoinBalanceDetail/CoinBlanceDetailCaller.feature@coinbalancedetail_caller
17:20:18.206 [main] INFO  com.intuit.karate - >> lock acquired, begin callonce: read('classpath:features/AccounV2/GetCountryList.feature')
17:20:18.688 [main] INFO  com.intuit.karate - [print] [
  {
    "Id": 223,
    "Name": "Turkey",
    "Code": "TR",
    "DialCode": "+90",
    "HasState": true
  }
]
 
17:20:18.688 [main] INFO  com.intuit.karate - [print] 223 
17:20:18.704 [main] INFO  com.intuit.karate - << lock released, cached callonce: read('classpath:features/AccounV2/GetCountryList.feature')
17:20:19.126 [main] INFO  com.intuit.karate - [print] [
  {
    "Id": 7,
    "Name": "ANTALYA",
    "Plate": 7
  }
]
 
17:20:19.138 [main] ERROR com.intuit.karate - src/test/java/features/AccounV2/GetCityList.feature:19
* match bab[0].Plate==7
syntax error, expected '==' for match
src/test/java/features/AccounV2/GetCityList.feature:19
17:20:19.620 [main] INFO  com.intuit.karate.Suite - <<fail>> feature 1 of 1 (0 remaining) src/test/java/features/AccounV2/GetCityList.feature
17:20:41.746 [main] INFO  com.intuit.karate.Suite - backed up existing 'target\karate-reports' dir to: target\karate-reports_1688653241746
17:20:41.763 [main] INFO  c.intuit.karate.core.FeatureRuntime - found scenario at line: 6 - ^Turkiye deki sehir$
17:20:42.282 [main] INFO  com.intuit.karate - karate.env system property was: null 
17:20:42.282 [main] INFO  com.intuit.karate - >> lock acquired, begin callSingle: classpath:caller/CreateToken/CreateTokenFile.feature@create_token_caller
17:20:42.297 [main] INFO  c.intuit.karate.core.FeatureRuntime - classpath:caller/CreateToken/CreateTokenFile.feature - call by tag at line 10: create_token_caller
17:20:43.209 [main] INFO  com.intuit.karate - << lock released, cached callSingle: classpath:caller/CreateToken/CreateTokenFile.feature@create_token_caller
17:20:43.209 [main] INFO  com.intuit.karate - >> lock acquired, begin callSingle: classpath:caller/CreateToken/CreateTokenFile.feature@create_token_caller2
17:20:43.209 [main] INFO  c.intuit.karate.core.FeatureRuntime - classpath:caller/CreateToken/CreateTokenFile.feature - call by tag at line 16: create_token_caller2
17:20:43.744 [main] INFO  com.intuit.karate - << lock released, cached callSingle: classpath:caller/CreateToken/CreateTokenFile.feature@create_token_caller2
17:20:43.744 [main] INFO  com.intuit.karate - >> lock acquired, begin callSingle: classpath:caller/CoinBalanceDetail/CoinBlanceDetailCaller.feature@coinbalancedetail_caller
17:20:43.746 [main] INFO  c.intuit.karate.core.FeatureRuntime - classpath:caller/CoinBalanceDetail/CoinBlanceDetailCaller.feature - call by tag at line 11: coinbalancedetail_caller
17:20:44.235 [main] INFO  com.intuit.karate - << lock released, cached callSingle: classpath:caller/CoinBalanceDetail/CoinBlanceDetailCaller.feature@coinbalancedetail_caller
17:20:44.235 [main] INFO  com.intuit.karate - >> lock acquired, begin callonce: read('classpath:features/AccounV2/GetCountryList.feature')
17:20:44.735 [main] INFO  com.intuit.karate - [print] [
  {
    "Id": 223,
    "Name": "Turkey",
    "Code": "TR",
    "DialCode": "+90",
    "HasState": true
  }
]
 
17:20:44.735 [main] INFO  com.intuit.karate - [print] 223 
17:20:44.735 [main] INFO  com.intuit.karate - << lock released, cached callonce: read('classpath:features/AccounV2/GetCountryList.feature')
17:20:45.179 [main] INFO  com.intuit.karate - [print] [
  {
    "Id": 7,
    "Name": "ANTALYA",
    "Plate": 7
  }
]
 
17:20:45.649 [main] INFO  com.intuit.karate.Suite - <<pass>> feature 1 of 1 (0 remaining) src/test/java/features/AccounV2/GetCityList.feature
17:27:53.505 [main] INFO  com.intuit.karate.Suite - backed up existing 'target\karate-reports' dir to: target\karate-reports_1688653673505
17:27:54.022 [main] INFO  com.intuit.karate - karate.env system property was: null 
17:27:54.022 [main] INFO  com.intuit.karate - >> lock acquired, begin callSingle: classpath:caller/CreateToken/CreateTokenFile.feature@create_token_caller
17:27:54.037 [main] INFO  c.intuit.karate.core.FeatureRuntime - classpath:caller/CreateToken/CreateTokenFile.feature - call by tag at line 10: create_token_caller
17:27:54.964 [main] INFO  com.intuit.karate - << lock released, cached callSingle: classpath:caller/CreateToken/CreateTokenFile.feature@create_token_caller
17:27:54.964 [main] INFO  com.intuit.karate - >> lock acquired, begin callSingle: classpath:caller/CreateToken/CreateTokenFile.feature@create_token_caller2
17:27:54.964 [main] INFO  c.intuit.karate.core.FeatureRuntime - classpath:caller/CreateToken/CreateTokenFile.feature - call by tag at line 16: create_token_caller2
17:27:55.409 [main] INFO  com.intuit.karate - << lock released, cached callSingle: classpath:caller/CreateToken/CreateTokenFile.feature@create_token_caller2
17:27:55.409 [main] INFO  com.intuit.karate - >> lock acquired, begin callSingle: classpath:caller/CoinBalanceDetail/CoinBlanceDetailCaller.feature@coinbalancedetail_caller
17:27:55.409 [main] INFO  c.intuit.karate.core.FeatureRuntime - classpath:caller/CoinBalanceDetail/CoinBlanceDetailCaller.feature - call by tag at line 11: coinbalancedetail_caller
17:27:55.970 [main] INFO  com.intuit.karate - << lock released, cached callSingle: classpath:caller/CoinBalanceDetail/CoinBlanceDetailCaller.feature@coinbalancedetail_caller
17:27:56.474 [main] INFO  com.intuit.karate - [print] [
  {
    "Id": 223,
    "Name": "Turkey",
    "Code": "TR",
    "DialCode": "+90",
    "HasState": true
  }
]
 
17:27:56.475 [main] INFO  com.intuit.karate - [print] 223 
17:27:56.918 [main] INFO  com.intuit.karate.Suite - <<pass>> feature 1 of 1 (0 remaining) src/test/java/features/AccounV2/GetCountryList.feature
17:28:34.692 [main] INFO  com.intuit.karate.Suite - backed up existing 'target\karate-reports' dir to: target\karate-reports_1688653714690
17:28:34.697 [main] INFO  c.intuit.karate.core.FeatureRuntime - found scenario at line: 6 - ^Turkiye deki sehir$
17:28:35.240 [main] INFO  com.intuit.karate - karate.env system property was: null 
17:28:35.253 [main] INFO  com.intuit.karate - >> lock acquired, begin callSingle: classpath:caller/CreateToken/CreateTokenFile.feature@create_token_caller
17:28:35.269 [main] INFO  c.intuit.karate.core.FeatureRuntime - classpath:caller/CreateToken/CreateTokenFile.feature - call by tag at line 10: create_token_caller
17:28:36.199 [main] INFO  com.intuit.karate - << lock released, cached callSingle: classpath:caller/CreateToken/CreateTokenFile.feature@create_token_caller
17:28:36.199 [main] INFO  com.intuit.karate - >> lock acquired, begin callSingle: classpath:caller/CreateToken/CreateTokenFile.feature@create_token_caller2
17:28:36.199 [main] INFO  c.intuit.karate.core.FeatureRuntime - classpath:caller/CreateToken/CreateTokenFile.feature - call by tag at line 16: create_token_caller2
17:28:36.660 [main] INFO  com.intuit.karate - << lock released, cached callSingle: classpath:caller/CreateToken/CreateTokenFile.feature@create_token_caller2
17:28:36.660 [main] INFO  com.intuit.karate - >> lock acquired, begin callSingle: classpath:caller/CoinBalanceDetail/CoinBlanceDetailCaller.feature@coinbalancedetail_caller
17:28:36.660 [main] INFO  c.intuit.karate.core.FeatureRuntime - classpath:caller/CoinBalanceDetail/CoinBlanceDetailCaller.feature - call by tag at line 11: coinbalancedetail_caller
17:28:37.212 [main] INFO  com.intuit.karate - << lock released, cached callSingle: classpath:caller/CoinBalanceDetail/CoinBlanceDetailCaller.feature@coinbalancedetail_caller
17:28:37.225 [main] INFO  com.intuit.karate - >> lock acquired, begin callonce: read('classpath:features/AccounV2/GetCountryList.feature')
17:28:37.710 [main] INFO  com.intuit.karate - << lock released, cached callonce: read('classpath:features/AccounV2/GetCountryList.feature')
17:28:38.618 [main] INFO  com.intuit.karate.Suite - <<pass>> feature 1 of 1 (0 remaining) src/test/java/features/AccounV2/GetCityList.feature
17:33:22.417 [main] INFO  com.intuit.karate.Suite - backed up existing 'target\karate-reports' dir to: target\karate-reports_1688654002417
17:33:22.965 [main] INFO  com.intuit.karate - karate.env system property was: null 
17:33:22.965 [main] INFO  com.intuit.karate - >> lock acquired, begin callSingle: classpath:caller/CreateToken/CreateTokenFile.feature@create_token_caller
17:33:22.980 [main] INFO  c.intuit.karate.core.FeatureRuntime - classpath:caller/CreateToken/CreateTokenFile.feature - call by tag at line 10: create_token_caller
17:33:24.002 [main] INFO  com.intuit.karate - << lock released, cached callSingle: classpath:caller/CreateToken/CreateTokenFile.feature@create_token_caller
17:33:24.002 [main] INFO  com.intuit.karate - >> lock acquired, begin callSingle: classpath:caller/CreateToken/CreateTokenFile.feature@create_token_caller2
17:33:24.002 [main] INFO  c.intuit.karate.core.FeatureRuntime - classpath:caller/CreateToken/CreateTokenFile.feature - call by tag at line 16: create_token_caller2
17:33:24.553 [main] INFO  com.intuit.karate - << lock released, cached callSingle: classpath:caller/CreateToken/CreateTokenFile.feature@create_token_caller2
17:33:24.553 [main] INFO  com.intuit.karate - >> lock acquired, begin callSingle: classpath:caller/CoinBalanceDetail/CoinBlanceDetailCaller.feature@coinbalancedetail_caller
17:33:24.553 [main] INFO  c.intuit.karate.core.FeatureRuntime - classpath:caller/CoinBalanceDetail/CoinBlanceDetailCaller.feature - call by tag at line 11: coinbalancedetail_caller
17:33:25.036 [main] INFO  com.intuit.karate - << lock released, cached callSingle: classpath:caller/CoinBalanceDetail/CoinBlanceDetailCaller.feature@coinbalancedetail_caller
17:33:25.052 [main] INFO  com.intuit.karate - >> lock acquired, begin callonce: read('classpath:features/AccounV2/GetCountryList.feature')
17:33:25.560 [main] INFO  com.intuit.karate - << lock released, cached callonce: read('classpath:features/AccounV2/GetCountryList.feature')
17:33:26.454 [main] INFO  com.intuit.karate.Suite - <<pass>> feature 1 of 1 (0 remaining) src/test/java/features/AccounV2/GetCityList.feature
17:33:32.848 [main] INFO  com.intuit.karate.Suite - backed up existing 'target\karate-reports' dir to: target\karate-reports_1688654012848
17:33:33.390 [main] INFO  com.intuit.karate - karate.env system property was: null 
17:33:33.390 [main] INFO  com.intuit.karate - >> lock acquired, begin callSingle: classpath:caller/CreateToken/CreateTokenFile.feature@create_token_caller
17:33:33.405 [main] INFO  c.intuit.karate.core.FeatureRuntime - classpath:caller/CreateToken/CreateTokenFile.feature - call by tag at line 10: create_token_caller
17:33:34.203 [main] INFO  com.intuit.karate - << lock released, cached callSingle: classpath:caller/CreateToken/CreateTokenFile.feature@create_token_caller
17:33:34.203 [main] INFO  com.intuit.karate - >> lock acquired, begin callSingle: classpath:caller/CreateToken/CreateTokenFile.feature@create_token_caller2
17:33:34.203 [main] INFO  c.intuit.karate.core.FeatureRuntime - classpath:caller/CreateToken/CreateTokenFile.feature - call by tag at line 16: create_token_caller2
17:33:34.720 [main] INFO  com.intuit.karate - << lock released, cached callSingle: classpath:caller/CreateToken/CreateTokenFile.feature@create_token_caller2
17:33:34.720 [main] INFO  com.intuit.karate - >> lock acquired, begin callSingle: classpath:caller/CoinBalanceDetail/CoinBlanceDetailCaller.feature@coinbalancedetail_caller
17:33:34.720 [main] INFO  c.intuit.karate.core.FeatureRuntime - classpath:caller/CoinBalanceDetail/CoinBlanceDetailCaller.feature - call by tag at line 11: coinbalancedetail_caller
17:33:35.206 [main] INFO  com.intuit.karate - << lock released, cached callSingle: classpath:caller/CoinBalanceDetail/CoinBlanceDetailCaller.feature@coinbalancedetail_caller
17:33:35.222 [main] INFO  com.intuit.karate - >> lock acquired, begin callonce: read('classpath:features/AccounV2/GetCountryList.feature')
17:33:35.732 [main] INFO  com.intuit.karate - << lock released, cached callonce: read('classpath:features/AccounV2/GetCountryList.feature')
17:33:36.623 [main] INFO  com.intuit.karate.Suite - <<pass>> feature 1 of 1 (0 remaining) src/test/java/features/AccounV2/GetCityList.feature
15:29:47.933 [main] INFO  com.intuit.karate.Suite - backed up existing 'target\karate-reports' dir to: target\karate-reports_1688732987931
15:29:48.607 [main] INFO  com.intuit.karate - karate.env system property was: null 
15:29:48.613 [main] INFO  com.intuit.karate - >> lock acquired, begin callSingle: classpath:caller/CreateToken/CreateTokenFile.feature@create_token_caller
15:29:48.634 [main] INFO  c.intuit.karate.core.FeatureRuntime - classpath:caller/CreateToken/CreateTokenFile.feature - call by tag at line 10: create_token_caller
15:29:49.604 [main] INFO  com.intuit.karate - << lock released, cached callSingle: classpath:caller/CreateToken/CreateTokenFile.feature@create_token_caller
15:29:49.605 [main] INFO  com.intuit.karate - >> lock acquired, begin callSingle: classpath:caller/CreateToken/CreateTokenFile.feature@create_token_caller2
15:29:49.607 [main] INFO  c.intuit.karate.core.FeatureRuntime - classpath:caller/CreateToken/CreateTokenFile.feature - call by tag at line 16: create_token_caller2
15:29:50.082 [main] INFO  com.intuit.karate - << lock released, cached callSingle: classpath:caller/CreateToken/CreateTokenFile.feature@create_token_caller2
15:29:50.082 [main] INFO  com.intuit.karate - >> lock acquired, begin callSingle: classpath:caller/CoinBalanceDetail/CoinBlanceDetailCaller.feature@coinbalancedetail_caller
15:29:50.089 [main] INFO  c.intuit.karate.core.FeatureRuntime - classpath:caller/CoinBalanceDetail/CoinBlanceDetailCaller.feature - call by tag at line 11: coinbalancedetail_caller
15:29:50.563 [main] INFO  com.intuit.karate - << lock released, cached callSingle: classpath:caller/CoinBalanceDetail/CoinBlanceDetailCaller.feature@coinbalancedetail_caller
15:29:51.596 [main] INFO  com.intuit.karate.Suite - <<pass>> feature 1 of 1 (0 remaining) src/test/java/features/AccounV2/GetCountryList.feature
15:29:59.137 [main] INFO  com.intuit.karate.Suite - backed up existing 'target\karate-reports' dir to: target\karate-reports_1688732999136
15:29:59.691 [main] INFO  com.intuit.karate - karate.env system property was: null 
15:29:59.697 [main] INFO  com.intuit.karate - >> lock acquired, begin callSingle: classpath:caller/CreateToken/CreateTokenFile.feature@create_token_caller
15:29:59.712 [main] INFO  c.intuit.karate.core.FeatureRuntime - classpath:caller/CreateToken/CreateTokenFile.feature - call by tag at line 10: create_token_caller
15:30:00.554 [main] INFO  com.intuit.karate - << lock released, cached callSingle: classpath:caller/CreateToken/CreateTokenFile.feature@create_token_caller
15:30:00.555 [main] INFO  com.intuit.karate - >> lock acquired, begin callSingle: classpath:caller/CreateToken/CreateTokenFile.feature@create_token_caller2
15:30:00.558 [main] INFO  c.intuit.karate.core.FeatureRuntime - classpath:caller/CreateToken/CreateTokenFile.feature - call by tag at line 16: create_token_caller2
15:30:01.022 [main] INFO  com.intuit.karate - << lock released, cached callSingle: classpath:caller/CreateToken/CreateTokenFile.feature@create_token_caller2
15:30:01.023 [main] INFO  com.intuit.karate - >> lock acquired, begin callSingle: classpath:caller/CoinBalanceDetail/CoinBlanceDetailCaller.feature@coinbalancedetail_caller
15:30:01.025 [main] INFO  c.intuit.karate.core.FeatureRuntime - classpath:caller/CoinBalanceDetail/CoinBlanceDetailCaller.feature - call by tag at line 11: coinbalancedetail_caller
15:30:01.888 [main] INFO  com.intuit.karate - << lock released, cached callSingle: classpath:caller/CoinBalanceDetail/CoinBlanceDetailCaller.feature@coinbalancedetail_caller
15:30:01.900 [main] INFO  com.intuit.karate - >> lock acquired, begin callonce: read('classpath:features/AccounV2/GetCountryList.feature')
15:30:02.473 [main] INFO  com.intuit.karate - << lock released, cached callonce: read('classpath:features/AccounV2/GetCountryList.feature')
15:30:03.441 [main] INFO  com.intuit.karate.Suite - <<pass>> feature 1 of 1 (0 remaining) src/test/java/features/AccounV2/GetCityList.feature
